%!Adobe-FontList 1.20
%Locale:0x409

%BeginFont
Handler:DirectoryHandler
FontType:Type1
FontName:HelveticaNeueLTStd-Bd
FamilyName:Helvetica Neue LT Std
StyleName:75 Bold
MenuName:HelveticaNeueLT Std
StyleBits:2
WeightClass:700
WidthClass:5
AngleClass:0
FullName:Helvetica Neue LT Std 75 Bold
WritingScript:Roman
OutlineFileName:/Users/erimacbookpro/Documents/GitHub/Choi_23Hour-Unit/FromBeverly/SSRRH Main Brochure Folder/Document fonts/HelveticaNeueLTStd-Bd.otf
DataFormat:sfntData
UsesStandardEncoding:yes
isCFF:yes
hasSVG:no
VariableFontType:NonVariableFont
FileLength:29108
FileModTime:579541325
DesignSize:120
NameArray:0,Mac,18,HelveticaNeueLT Std Bold
NameArray:0,Mac,4,Helvetica Neue LT Std 75 Bold
NameArray:0,Win,1,HelveticaNeueLT Std
NameArray:0,Win,16,Helvetica Neue LT Std
%EndFont

%BeginFont
Handler:DirectoryHandler
FontType:Invalid
OutlineFileName:/Users/erimacbookpro/Documents/GitHub/Choi_23Hour-Unit/FromBeverly/SSRRH Main Brochure Folder/Document fonts/HelveticaNeue-Light
FileModTime:579541325
%EndFont

%BeginFont
Handler:DirectoryHandler
FontType:Type1
FontName:MinionPro-Regular
FamilyName:Minion Pro
StyleName:Regular
MenuName:Minion Pro
StyleBits:0
WeightClass:400
WidthClass:5
AngleClass:0
FullName:Minion Pro
WritingScript:Roman
OutlineFileName:/Users/erimacbookpro/Documents/GitHub/Choi_23Hour-Unit/FromBeverly/SSRRH Main Brochure Folder/Document fonts/MinionPro-Regular.otf
DataFormat:sfntData
UsesStandardEncoding:yes
isCFF:yes
hasSVG:no
VariableFontType:NonVariableFont
FileLength:217280
FileModTime:579541325
DesignSize:110
NameArray:0,Mac,4,Minion Pro
NameArray:0,Win,1,Minion Pro
%EndFont

%BeginFont
Handler:DirectoryHandler
FontType:TrueType
FontName:Times-Roman
FamilyName:Times
StyleName:Regular
MenuName:Times
StyleBits:0
WeightClass:400
WidthClass:5
AngleClass:0
FullName:Times Roman
WritingScript:Roman
OutlineFileName:/Users/erimacbookpro/Documents/GitHub/Choi_23Hour-Unit/FromBeverly/SSRRH Main Brochure Folder/Document fonts/Times.dfont
DataFormat:sfntResource
ResourceID:13494
hasSVG:no
VariableFontType:NonVariableFont
FileLength:1743667
FileModTime:579541325
NameArray:0,Mac,4,Times Roman
%EndFont

%BeginFont
Handler:DirectoryHandler
FontType:TrueType
FontName:Times-Bold
FamilyName:Times
StyleName:Bold
MenuName:Times
StyleBits:2
WeightClass:700
WidthClass:5
AngleClass:0
FullName:Times Bold
WritingScript:Roman
OutlineFileName:/Users/erimacbookpro/Documents/GitHub/Choi_23Hour-Unit/FromBeverly/SSRRH Main Brochure Folder/Document fonts/Times.dfont
DataFormat:sfntResource
ResourceID:16697
hasSVG:no
VariableFontType:NonVariableFont
FileLength:1743667
FileModTime:579541325
NameArray:0,Mac,4,Times Bold
NameArray:0,Mac,4,Times Gras
NameArray:0,Mac,4,Times Fett
NameArray:0,Mac,4,Times grassetto
NameArray:0,Mac,4,Times vet
NameArray:0,Mac,4,Times Fet
NameArray:0,Mac,4,Times Negrita
NameArray:0,Mac,4,Times Fed
NameArray:0,Mac,4,Times Carregado
NameArray:0,Mac,4,Times Halvfet
NameArray:0,Mac,4,Times lihava
%EndFont

%BeginFont
Handler:DirectoryHandler
FontType:TrueType
FontName:Times-Italic
FamilyName:Times
StyleName:Italic
MenuName:Times
StyleBits:1
WeightClass:400
WidthClass:5
AngleClass:1
FullName:Times Italic
WritingScript:Roman
OutlineFileName:/Users/erimacbookpro/Documents/GitHub/Choi_23Hour-Unit/FromBeverly/SSRRH Main Brochure Folder/Document fonts/Times.dfont
DataFormat:sfntResource
ResourceID:21585
hasSVG:no
VariableFontType:NonVariableFont
FileLength:1743667
FileModTime:579541325
NameArray:0,Mac,4,Times Italic
NameArray:0,Mac,4,Times Italique
NameArray:0,Mac,4,Times Kursiv
NameArray:0,Mac,4,Times corsivo
NameArray:0,Mac,4,Times cursief
NameArray:0,Mac,4,Times Kursiv
NameArray:0,Mac,4,Times Cursiva
NameArray:0,Mac,4,Times kursiv
NameArray:0,Mac,4,Times Itálico
NameArray:0,Mac,4,Times kursiv
NameArray:0,Mac,4,Times kursiivi
%EndFont

%BeginFont
Handler:DirectoryHandler
FontType:TrueType
FontName:Times-BoldItalic
FamilyName:Times
StyleName:Bold Italic
MenuName:Times
StyleBits:3
WeightClass:700
WidthClass:5
AngleClass:1
FullName:Times Bold Italic
WritingScript:Roman
OutlineFileName:/Users/erimacbookpro/Documents/GitHub/Choi_23Hour-Unit/FromBeverly/SSRRH Main Brochure Folder/Document fonts/Times.dfont
DataFormat:sfntResource
ResourceID:22219
hasSVG:no
VariableFontType:NonVariableFont
FileLength:1743667
FileModTime:579541325
NameArray:0,Mac,4,Times Bold Italic
NameArray:0,Mac,4,Times Gras italique
NameArray:0,Mac,4,Times Fett Kursiv
NameArray:0,Mac,4,Times grassetto corsivo
NameArray:0,Mac,4,Times vet-cursief
NameArray:0,Mac,4,Times Fet Kursiv
NameArray:0,Mac,4,Times Negrita Cursiva
NameArray:0,Mac,4,Times Fed kursiv
NameArray:0,Mac,4,Times Carregado Itálico
NameArray:0,Mac,4,Times Halvfet kursiv
NameArray:0,Mac,4,Times lihava kursiivi
%EndFont

%BeginFont
Handler:DirectoryHandler
FontType:Suitcase
FontName:Times-Roman
OutlineFileName:/Users/erimacbookpro/Documents/GitHub/Choi_23Hour-Unit/FromBeverly/SSRRH Main Brochure Folder/Document fonts/Times.dfont
ResourceID:20
MacStyle:0
FileLength:1743667
FileModTime:579541325
%EndFont

%BeginFont
Handler:DirectoryHandler
FontType:Suitcase
FontName:Times-Bold
OutlineFileName:/Users/erimacbookpro/Documents/GitHub/Choi_23Hour-Unit/FromBeverly/SSRRH Main Brochure Folder/Document fonts/Times.dfont
ResourceID:20
MacStyle:1
FileLength:1743667
FileModTime:579541325
%EndFont

%BeginFont
Handler:DirectoryHandler
FontType:Suitcase
FontName:Times-Italic
OutlineFileName:/Users/erimacbookpro/Documents/GitHub/Choi_23Hour-Unit/FromBeverly/SSRRH Main Brochure Folder/Document fonts/Times.dfont
ResourceID:20
MacStyle:2
FileLength:1743667
FileModTime:579541325
%EndFont

%BeginFont
Handler:DirectoryHandler
FontType:Suitcase
FontName:Times-BoldItalic
OutlineFileName:/Users/erimacbookpro/Documents/GitHub/Choi_23Hour-Unit/FromBeverly/SSRRH Main Brochure Folder/Document fonts/Times.dfont
ResourceID:20
MacStyle:3
FileLength:1743667
FileModTime:579541325
%EndFont

%BeginFont
Handler:DirectoryHandler
FontType:Invalid
OutlineFileName:/Users/erimacbookpro/Documents/GitHub/Choi_23Hour-Unit/FromBeverly/SSRRH Main Brochure Folder/Document fonts/HelveNeuLig
FileModTime:579541325
%EndFont

%BeginFont
Handler:DirectoryHandler
FontType:Type1
FontName:HelveticaNeueLTStd-Lt
FamilyName:Helvetica Neue LT Std
StyleName:45 Light
MenuName:HelveticaNeueLT Std Lt
StyleBits:0
WeightClass:300
WidthClass:5
AngleClass:0
FullName:Helvetica Neue LT Std 45 Light
WritingScript:Roman
OutlineFileName:/Users/erimacbookpro/Documents/GitHub/Choi_23Hour-Unit/FromBeverly/SSRRH Main Brochure Folder/Document fonts/HelveticaNeueLTStd-Lt.otf
DataFormat:sfntData
UsesStandardEncoding:yes
isCFF:yes
hasSVG:no
VariableFontType:NonVariableFont
FileLength:28980
FileModTime:579541325
DesignSize:120
NameArray:0,Mac,18,HelveticaNeueLT Std Lt
NameArray:0,Mac,4,Helvetica Neue LT Std 45 Light
NameArray:0,Win,1,HelveticaNeueLT Std Lt
NameArray:0,Win,16,Helvetica Neue LT Std
%EndFont

